\BOOKMARK [0][-]{chapter.1}{\376\377\000G\000e\000r\000e\000n\000c\000i\000a\000m\000e\000n\000t\000o\000\040\000d\000e\000\040\000P\000r\000o\000j\000e\000t\000o}{}% 1
\BOOKMARK [1][-]{section.1.1}{\376\377\000I\000n\000t\000r\000o\000d\000u\000\347\000\343\000o}{chapter.1}% 2
\BOOKMARK [1][-]{section.1.2}{\376\377\000O\000r\000g\000a\000n\000i\000z\000a\000\347\000\343\000o\000\040\000d\000o\000\040\000P\000r\000o\000j\000e\000t\000o}{chapter.1}% 3
\BOOKMARK [1][-]{section.1.3}{\376\377\000P\000r\000\341\000t\000i\000c\000a\000s\000\040\000d\000e\000\040\000P\000r\000o\000j\000e\000t\000o\000\040\000e\000\040\000G\000e\000r\000e\000n\000c\000i\000a\000m\000e\000n\000t\000o\000\040\000\050\000M\000\351\000t\000o\000d\000o\000\040\000K\000a\000n\000b\000a\000n\000\051}{chapter.1}% 4
\BOOKMARK [2][-]{subsection.1.3.1}{\376\377\000Q\000u\000a\000d\000r\000o\000\040\000K\000a\000n\000b\000a\000n}{section.1.3}% 5
\BOOKMARK [2][-]{subsection.1.3.2}{\376\377\000C\000a\000r\000t\000\365\000e\000s\000\040\000K\000a\000n\000b\000a\000n}{section.1.3}% 6
\BOOKMARK [1][-]{section.1.4}{\376\377\000M\000a\000r\000c\000o\000s\000\040\000e\000\040\000O\000b\000j\000e\000t\000i\000v\000o\000s\000\040\000d\000o\000\040\000P\000r\000o\000j\000e\000t\000o}{chapter.1}% 7
\BOOKMARK [1][-]{section.1.5}{\376\377\000I\000m\000p\000l\000a\000n\000t\000a\000\347\000\343\000o}{chapter.1}% 8
\BOOKMARK [1][-]{section.1.6}{\376\377\000L\000i\000\347\000\365\000e\000s\000\040\000A\000p\000r\000e\000n\000d\000i\000d\000a\000s}{chapter.1}% 9
\BOOKMARK [0][-]{chapter.2}{\376\377\000V\000i\000s\000\343\000o\000\040\000e\000\040\000E\000s\000c\000o\000p\000o}{}% 10
\BOOKMARK [1][-]{section.2.1}{\376\377\000I\000n\000t\000r\000o\000d\000u\000\347\000\343\000o}{chapter.2}% 11
\BOOKMARK [2][-]{subsection.2.1.1}{\376\377\000P\000o\000s\000i\000c\000i\000o\000n\000a\000m\000e\000n\000t\000o\000\040\000e\000\040\000D\000e\000c\000l\000a\000r\000a\000\347\000\343\000o\000\040\000d\000o\000\040\000P\000r\000o\000b\000l\000e\000m\000a}{section.2.1}% 12
\BOOKMARK [2][-]{subsection.2.1.2}{\376\377\000D\000e\000c\000l\000a\000r\000a\000\347\000\343\000o\000\040\000d\000e\000\040\000P\000o\000s\000i\000\347\000\343\000o\000\040\000d\000o\000\040\000P\000r\000o\000d\000u\000t\000o}{section.2.1}% 13
\BOOKMARK [1][-]{section.2.2}{\376\377\000D\000e\000s\000c\000r\000i\000\347\000\365\000e\000s\000\040\000d\000a\000s\000\040\000P\000a\000r\000t\000e\000s\000\040\000I\000n\000t\000e\000r\000e\000s\000s\000a\000d\000a\000s\000\040\000\050\000S\000t\000a\000k\000e\000h\000o\000l\000d\000e\000r\000s\000\051}{chapter.2}% 14
\BOOKMARK [1][-]{section.2.3}{\376\377\000A\000m\000b\000i\000e\000n\000t\000e\000\040\000d\000o\000\040\000U\000s\000u\000\341\000r\000i\000o}{chapter.2}% 15
\BOOKMARK [1][-]{section.2.4}{\376\377\000V\000i\000s\000\343\000o\000\040\000G\000e\000r\000a\000l\000\040\000d\000o\000\040\000P\000r\000o\000d\000u\000t\000o}{chapter.2}% 16
\BOOKMARK [2][-]{subsection.2.4.1}{\376\377\000N\000e\000c\000e\000s\000s\000i\000d\000a\000d\000e\000s\000\040\000e\000\040\000R\000e\000c\000u\000r\000s\000o\000s\000\040\000\050\000F\000e\000a\000t\000u\000r\000e\000s\000\051}{section.2.4}% 17
\BOOKMARK [2][-]{subsection.2.4.2}{\376\377\000O\000u\000t\000r\000o\000s\000\040\000R\000e\000q\000u\000i\000s\000i\000t\000o\000s\000\040\000d\000o\000\040\000P\000r\000o\000d\000u\000t\000o}{section.2.4}% 18
\BOOKMARK [0][-]{chapter.3}{\376\377\000R\000e\000q\000u\000i\000s\000i\000t\000o\000s\000\040\000N\000\343\000o\000\040\000F\000u\000n\000c\000i\000o\000n\000a\000i\000s}{}% 19
\BOOKMARK [1][-]{section.3.1}{\376\377\000I\000n\000t\000r\000o\000d\000u\000\347\000\343\000o}{chapter.3}% 20
\BOOKMARK [1][-]{section.3.2}{\376\377\000R\000e\000q\000u\000i\000s\000i\000t\000o\000s\000\040\000F\000u\000n\000c\000i\000o\000n\000a\000i\000s\000\040\000d\000e\000\040\000N\000\355\000v\000e\000l\000\040\000d\000e\000\040\000S\000i\000s\000t\000e\000m\000a}{chapter.3}% 21
\BOOKMARK [1][-]{section.3.3}{\376\377\000Q\000u\000a\000l\000i\000d\000a\000d\000e\000s\000\040\000d\000o\000\040\000S\000i\000s\000t\000e\000m\000a\000\040\000\050\000A\000t\000r\000i\000b\000u\000t\000o\000s\000\040\000d\000e\000\040\000Q\000u\000a\000l\000i\000d\000a\000d\000e\000\051}{chapter.3}% 22
\BOOKMARK [2][-]{subsection.3.3.1}{\376\377\000U\000s\000a\000b\000i\000l\000i\000d\000a\000d\000e}{section.3.3}% 23
\BOOKMARK [2][-]{subsection.3.3.2}{\376\377\000C\000o\000n\000f\000i\000a\000b\000i\000l\000i\000d\000a\000d\000e}{section.3.3}% 24
\BOOKMARK [2][-]{subsection.3.3.3}{\376\377\000D\000e\000s\000e\000m\000p\000e\000n\000h\000o}{section.3.3}% 25
\BOOKMARK [2][-]{subsection.3.3.4}{\376\377\000S\000u\000p\000o\000r\000t\000a\000b\000i\000l\000i\000d\000a\000d\000e\000\040\000\050\000M\000a\000n\000u\000t\000e\000n\000i\000b\000i\000l\000i\000d\000a\000d\000e\000\051}{section.3.3}% 26
\BOOKMARK [1][-]{section.3.4}{\376\377\000I\000n\000t\000e\000r\000f\000a\000c\000e\000s\000\040\000d\000o\000\040\000S\000i\000s\000t\000e\000m\000a}{chapter.3}% 27
\BOOKMARK [2][-]{subsection.3.4.1}{\376\377\000I\000n\000t\000e\000r\000f\000a\000c\000e\000s\000\040\000c\000o\000m\000\040\000o\000\040\000U\000s\000u\000\341\000r\000i\000o}{section.3.4}% 28
\BOOKMARK [2][-]{subsection.3.4.2}{\376\377\000I\000n\000t\000e\000r\000f\000a\000c\000e\000s\000\040\000c\000o\000m\000\040\000S\000i\000s\000t\000e\000m\000a\000s\000\040\000o\000u\000\040\000D\000i\000s\000p\000o\000s\000i\000t\000i\000v\000o\000s\000\040\000E\000x\000t\000e\000r\000n\000o\000s}{section.3.4}% 29
\BOOKMARK [1][-]{section.3.5}{\376\377\000R\000e\000g\000r\000a\000s\000\040\000d\000e\000\040\000N\000e\000g\000\363\000c\000i\000o}{chapter.3}% 30
\BOOKMARK [1][-]{section.3.6}{\376\377\000R\000e\000s\000t\000r\000i\000\347\000\365\000e\000s\000\040\000d\000o\000\040\000S\000i\000s\000t\000e\000m\000a}{chapter.3}% 31
\BOOKMARK [1][-]{section.3.7}{\376\377\000C\000o\000n\000f\000o\000r\000m\000i\000d\000a\000d\000e\000\040\000d\000o\000\040\000S\000i\000s\000t\000e\000m\000a}{chapter.3}% 32
\BOOKMARK [0][-]{chapter.4}{\376\377\000H\000i\000s\000t\000\363\000r\000i\000a\000s\000\040\000d\000e\000\040\000U\000s\000u\000\341\000r\000i\000o}{}% 33
\BOOKMARK [1][-]{section.4.1}{\376\377\000I\000n\000t\000r\000o\000d\000u\000\347\000\343\000o}{chapter.4}% 34
\BOOKMARK [1][-]{section.4.2}{\376\377\000L\000i\000s\000t\000a\000\040\000d\000e\000\040\000H\000i\000s\000t\000\363\000r\000i\000a\000s\000\040\000d\000e\000\040\000U\000s\000u\000\341\000r\000i\000o}{chapter.4}% 35
\BOOKMARK [2][-]{subsection.4.2.1}{\376\377\000G\000e\000r\000e\000n\000c\000i\000a\000m\000e\000n\000t\000o\000\040\000d\000e\000\040\000Q\000u\000a\000d\000r\000o\000\040\000e\000\040\000R\000a\000i\000a\000s}{section.4.2}% 36
\BOOKMARK [2][-]{subsection.4.2.2}{\376\377\000G\000e\000r\000e\000n\000c\000i\000a\000m\000e\000n\000t\000o\000\040\000d\000e\000\040\000C\000a\000r\000t\000\365\000e\000s\000\040\000e\000\040\000F\000l\000u\000x\000o}{section.4.2}% 37
\BOOKMARK [2][-]{subsection.4.2.3}{\376\377\000L\000i\000m\000i\000t\000e\000s\000\040\000e\000\040\000M\000\351\000t\000r\000i\000c\000a\000s}{section.4.2}% 38
\BOOKMARK [2][-]{subsection.4.2.4}{\376\377\000O\000u\000t\000r\000o\000s\000\040\000S\000e\000r\000v\000i\000\347\000o\000s\000\040\000\050\000A\000\040\000a\000d\000i\000c\000i\000o\000n\000a\000r\000\051}{section.4.2}% 39
\BOOKMARK [0][-]{chapter.5}{\376\377\000A\000r\000q\000u\000i\000t\000e\000t\000u\000r\000a\000\040\000d\000e\000\040\000S\000o\000f\000t\000w\000a\000r\000e}{}% 40
\BOOKMARK [1][-]{section.5.1}{\376\377\000I\000n\000t\000r\000o\000d\000u\000\347\000\343\000o\000\040\000e\000\040\000P\000r\000o\000p\000\363\000s\000i\000t\000o}{chapter.5}% 41
\BOOKMARK [1][-]{section.5.2}{\376\377\000M\000e\000t\000a\000s\000\040\000A\000r\000q\000u\000i\000t\000e\000t\000u\000r\000a\000i\000s\000\040\000e\000\040\000F\000i\000l\000o\000s\000o\000f\000i\000a}{chapter.5}% 42
\BOOKMARK [1][-]{section.5.3}{\376\377\000S\000u\000p\000o\000s\000i\000\347\000\365\000e\000s\000\040\000e\000\040\000D\000e\000p\000e\000n\000d\000\352\000n\000c\000i\000a\000s}{chapter.5}% 43
\BOOKMARK [1][-]{section.5.4}{\376\377\000R\000e\000q\000u\000i\000s\000i\000t\000o\000s\000\040\000S\000i\000g\000n\000i\000f\000i\000c\000a\000t\000i\000v\000o\000s\000\040\000p\000a\000r\000a\000\040\000a\000\040\000A\000r\000q\000u\000i\000t\000e\000t\000u\000r\000a}{chapter.5}% 44
\BOOKMARK [1][-]{section.5.5}{\376\377\000D\000e\000c\000i\000s\000\365\000e\000s\000,\000\040\000R\000e\000s\000t\000r\000i\000\347\000\365\000e\000s\000\040\000e\000\040\000J\000u\000s\000t\000i\000f\000i\000c\000a\000t\000i\000v\000a\000s}{chapter.5}% 45
\BOOKMARK [1][-]{section.5.6}{\376\377\000M\000e\000c\000a\000n\000i\000s\000m\000o\000s\000\040\000e\000\040\000A\000b\000s\000t\000r\000a\000\347\000\365\000e\000s\000\040\000A\000r\000q\000u\000i\000t\000e\000t\000u\000r\000a\000i\000s}{chapter.5}% 46
\BOOKMARK [1][-]{section.5.7}{\376\377\000C\000a\000m\000a\000d\000a\000s\000\040\000o\000u\000\040\000F\000r\000a\000m\000e\000w\000o\000r\000k\000\040\000A\000r\000q\000u\000i\000t\000e\000t\000u\000r\000a\000l}{chapter.5}% 47
\BOOKMARK [1][-]{section.5.8}{\376\377\000V\000i\000s\000\365\000e\000s\000\040\000d\000a\000\040\000A\000r\000q\000u\000i\000t\000e\000t\000u\000r\000a}{chapter.5}% 48
\BOOKMARK [2][-]{subsection.5.8.1}{\376\377\000V\000i\000s\000\343\000o\000\040\000L\000\363\000g\000i\000c\000a}{section.5.8}% 49
\BOOKMARK [2][-]{subsection.5.8.2}{\376\377\000V\000i\000s\000\343\000o\000\040\000O\000p\000e\000r\000a\000c\000i\000o\000n\000a\000l\000\040\000\050\000I\000m\000p\000l\000a\000n\000t\000a\000\347\000\343\000o\000\051}{section.5.8}% 50
\BOOKMARK [2][-]{subsection.5.8.3}{\376\377\000V\000i\000s\000\343\000o\000\040\000d\000e\000\040\000C\000a\000s\000o\000s\000\040\000d\000e\000\040\000U\000s\000o\000\040\000\050\000H\000i\000s\000t\000\363\000r\000i\000a\000s\000\051}{section.5.8}% 51
\BOOKMARK [0][-]{chapter.6}{\376\377\000P\000r\000o\000j\000e\000t\000o\000\040\000d\000e\000\040\000I\000n\000t\000e\000r\000f\000a\000c\000e\000\040\000c\000o\000m\000\040\000o\000\040\000U\000s\000u\000\341\000r\000i\000o}{}% 52
\BOOKMARK [1][-]{section.6.1}{\376\377\000I\000n\000t\000r\000o\000d\000u\000\347\000\343\000o}{chapter.6}% 53
\BOOKMARK [1][-]{section.6.2}{\376\377\000S\000t\000o\000r\000y\000b\000o\000a\000r\000d\000s\000\040\000e\000\040\000C\000e\000n\000\341\000r\000i\000o\000s\000\040\000d\000e\000\040\000U\000s\000o}{chapter.6}% 54
\BOOKMARK [2][-]{subsection.6.2.1}{\376\377\000C\000e\000n\000\341\000r\000i\000o\000\040\0001\000:\000\040\000C\000r\000i\000a\000r\000\040\000e\000\040\000G\000e\000r\000e\000n\000c\000i\000a\000r\000\040\000Q\000u\000a\000d\000r\000o}{section.6.2}% 55
\BOOKMARK [2][-]{subsection.6.2.2}{\376\377\000C\000e\000n\000\341\000r\000i\000o\000\040\0002\000:\000\040\000M\000a\000n\000i\000p\000u\000l\000a\000r\000\040\000C\000a\000r\000t\000\365\000e\000s\000\040\000\050\000K\000a\000n\000b\000a\000n\000\040\000B\000o\000a\000r\000d\000\051}{section.6.2}% 56
\BOOKMARK [0][-]{chapter.7}{\376\377\000P\000r\000o\000j\000e\000t\000o\000\040\000F\000\355\000s\000i\000c\000o\000\040\000d\000e\000\040\000B\000a\000n\000c\000o\000\040\000d\000e\000\040\000D\000a\000d\000o\000s}{}% 57
\BOOKMARK [1][-]{section.7.1}{\376\377\000I\000n\000t\000r\000o\000d\000u\000\347\000\343\000o}{chapter.7}% 58
\BOOKMARK [1][-]{section.7.2}{\376\377\000D\000i\000a\000g\000r\000a\000m\000a\000\040\000d\000o\000\040\000B\000a\000n\000c\000o\000\040\000d\000e\000\040\000D\000a\000d\000o\000s}{chapter.7}% 59
\BOOKMARK [1][-]{section.7.3}{\376\377\000D\000i\000c\000i\000o\000n\000\341\000r\000i\000o\000\040\000d\000e\000\040\000D\000a\000d\000o\000s}{chapter.7}% 60
\BOOKMARK [2][-]{subsection.7.3.1}{\376\377\000T\000a\000b\000e\000l\000a\000:\000\040\000U\000s\000u\000a\000r\000i\000o}{section.7.3}% 61
\BOOKMARK [2][-]{subsection.7.3.2}{\376\377\000T\000a\000b\000e\000l\000a\000:\000\040\000Q\000u\000a\000d\000r\000o}{section.7.3}% 62
\BOOKMARK [2][-]{subsection.7.3.3}{\376\377\000T\000a\000b\000e\000l\000a\000:\000\040\000C\000o\000l\000u\000n\000a}{section.7.3}% 63
\BOOKMARK [2][-]{subsection.7.3.4}{\376\377\000T\000a\000b\000e\000l\000a\000:\000\040\000R\000a\000i\000a}{section.7.3}% 64
\BOOKMARK [2][-]{subsection.7.3.5}{\376\377\000T\000a\000b\000e\000l\000a\000:\000\040\000C\000a\000r\000t\000a\000o}{section.7.3}% 65
\BOOKMARK [0][-]{chapter.8}{\376\377\000I\000n\000f\000r\000a\000e\000s\000t\000r\000u\000t\000u\000r\000a\000\040\000d\000e\000\040\000I\000m\000p\000l\000a\000n\000t\000a\000\347\000\343\000o}{}% 66
\BOOKMARK [1][-]{section.8.1}{\376\377\000I\000n\000t\000r\000o\000d\000u\000\347\000\343\000o}{chapter.8}% 67
\BOOKMARK [1][-]{section.8.2}{\376\377\000H\000a\000r\000d\000w\000a\000r\000e}{chapter.8}% 68
\BOOKMARK [1][-]{section.8.3}{\376\377\000S\000o\000f\000t\000w\000a\000r\000e}{chapter.8}% 69
\BOOKMARK [1][-]{section.8.4}{\376\377\000S\000e\000r\000v\000i\000\347\000o\000s}{chapter.8}% 70
